[    3530ms] [LOG] Bugsnag.getPlugin() was called before Bugsnag.start() @ https://lottiefiles.com/assets/entry.client-OHqrJTsy.js:42
[    4177ms] Error: Minified React error #418; visit https://react.dev/errors/418?args[]= for the full message or use the non-minified dev environment for full errors and additional helpful warnings.
    at Ga (https://lottiefiles.com/assets/entry.client-OHqrJTsy.js:24:30922)
    at jp (https://lottiefiles.com/assets/entry.client-OHqrJTsy.js:24:75521)
    at fm (https://lottiefiles.com/assets/entry.client-OHqrJTsy.js:24:115608)
    at cv (https://lottiefiles.com/assets/entry.client-OHqrJTsy.js:24:115581)
    at uv (https://lottiefiles.com/assets/entry.client-OHqrJTsy.js:24:115438)
    at lm (https://lottiefiles.com/assets/entry.client-OHqrJTsy.js:24:111248)
    at ym (https://lottiefiles.com/assets/entry.client-OHqrJTsy.js:24:121127)
    at MessagePort.Y (https://lottiefiles.com/assets/entry.client-OHqrJTsy.js:9:1539)
[    4329ms] [LOG] Function call prevented - already executed on client @ https://lottiefiles.com/assets/index-D8bYgdUv.js:14
[    4419ms] [WARNING] Error with Permissions-Policy header: Unrecognized feature: 'ambient-light-sensor'. @ :0
[    4419ms] [WARNING] Error with Permissions-Policy header: Unrecognized feature: 'battery'. @ :0
[    4419ms] [WARNING] Error with Permissions-Policy header: Unrecognized feature: 'document-domain'. @ :0
[    4419ms] [WARNING] Error with Permissions-Policy header: Unrecognized feature: 'speaker'. @ :0
[    4981ms] [ERROR] Failed to load resource: the server responded with a status of 401 () @ https://lottiefiles.com/api/v1/user/animation-count:0
[    4983ms] [ERROR] Failed to load resource: the server responded with a status of 401 () @ https://accounts.lottiefiles.com/deimos/v1/session:0
[    4984ms] [ERROR] Failed to load resource: the server responded with a status of 401 () @ https://lottiefiles.com/api/v1/user/preference:0
[    4993ms] [ERROR] Failed to load resource: the server responded with a status of 401 () @ https://accounts.lottiefiles.com/deimos/v1/session:0
[    5038ms] Error: Failed to fetch auth session
    at C (https://lottiefiles.com/assets/index-D8bYgdUv.js:332:29601)
[    5174ms] [LOG] Function call prevented - already executed on client @ https://lottiefiles.com/assets/index-D8bYgdUv.js:14
[    5282ms] [LOG] Function call prevented - already executed on client @ https://lottiefiles.com/assets/index-D8bYgdUv.js:14
[    5299ms] [ERROR] Failed to load resource: the server responded with a status of 401 () @ https://lottiefiles.com/api/v1/user/preference:0
[    5460ms] [ERROR] `DialogContent` requires a `DialogTitle` for the component to be accessible for screen reader users.

If you want to hide the `DialogTitle`, you can wrap it with our VisuallyHidden component.

For more information, see https://radix-ui.com/primitives/docs/components/dialog @ https://login.lottiefiles.com/_next/static/chunks/main-app-59ba522d8041de61.js:0
[    5461ms] [WARNING] Warning: Missing `Description` or `aria-describedby={undefined}` for {DialogContent}. @ https://login.lottiefiles.com/_next/static/chunks/app/(routes)/layout-b35365a7d0e95d1d.js:4
[    5850ms] [LOG] Function call prevented - already executed on client @ https://lottiefiles.com/assets/index-D8bYgdUv.js:14
[    5858ms] [ERROR] Failed to load resource: the server responded with a status of 401 () @ https://accounts.lottiefiles.com/deimos/v1/session:0
[    5874ms] [ERROR] K @ https://login.lottiefiles.com/_next/static/chunks/main-app-59ba522d8041de61.js:0
[    5896ms] [ERROR] Failed to load resource: the server responded with a status of 401 () @ https://accounts.lottiefiles.com/deimos/v1/session:0
[    5898ms] [ERROR] K @ https://login.lottiefiles.com/_next/static/chunks/main-app-59ba522d8041de61.js:0
[    6034ms] [ERROR] Not signed in with the identity provider. @ https://lottiefiles.com/free-animations/loading-book:0
[    6153ms] [LOG] Function call prevented - already executed on client @ https://lottiefiles.com/assets/index-D8bYgdUv.js:14
[    6166ms] [LOG] Function call prevented - already executed on client @ https://lottiefiles.com/assets/index-D8bYgdUv.js:14
[    9134ms] [ERROR] [GSI_LOGGER]: FedCM get() rejects with NetworkError: Error retrieving a token. @ https://accounts.google.com/gsi/client:87
